{"suite": "owned-projectile-priority", "passed": true, "cases": 18, "maximum_owned_priority": 4, "minimum_fair_capacity": 14, "MTU_maximum": 1196, "negative_controls": ["priority_omitted", "freshest_omitted", "source_generation_omitted", "dedup_omitted"], "preserved_authority_and_ABI": true, "source_sha256": "ca4bfdafaeb1ac9043de3d6ab2b82b9b26d5fcf962a883ca63f1da73779ab8ca", "scope": "Actual extracted server packet builder with controlled core records. Real UDP/GUI and extended network verification remain separate."}
{"suite": "network", "packets": 45, "passed": true, "build_and_test_seconds": 2.04851}
{"terrain_roads": 19, "checked": true}
{"airbases": 6, "checked": true}
{"terrain_relief_fields": 1, "checked": true}
{"terrain_grade_facets": 9, "checked": true}
{"terrain_world_checked": true, "patch": {"x": [5375, 5875], "z": [4750, 5625], "spacing": 5, "max_height_error": 0.027, "route_margin": 6, "node_limit": 27}, "interior_height_bound": 0.025009375, "seam_correction_bound": 0.0009765625, "roundoff_allowance": 0.0001}
{"ground_content": "0xa1eee8e1", "canonical_sha256": "a1eee8e1b592dbf3e580e870f3afe4fb8aa33f0b485f6e35bd28864f8976180e", "checked": true}
{"terrain_roads": 19, "checked": true}
{"airbases": 6, "checked": true}
{"terrain_relief_fields": 1, "checked": true}
{"terrain_grade_facets": 9, "checked": true}
{"terrain_world_checked": true, "patch": {"x": [5375, 5875], "z": [4750, 5625], "spacing": 5, "max_height_error": 0.027, "route_margin": 6, "node_limit": 27}, "interior_height_bound": 0.025009375, "seam_correction_bound": 0.0009765625, "roundoff_allowance": 0.0001}
{"ground_content": "0xa1eee8e1", "canonical_sha256": "a1eee8e1b592dbf3e580e870f3afe4fb8aa33f0b485f6e35bd28864f8976180e", "checked": true}
Traceback (most recent call last):
  File "/mnt/titan_nv3/projects/red-horizon-workers/air-approach/runs/jobs/6fd7b48a2daa/source/tests/test_coop.py", line 591, in <module>
    main()
    ~~~~^^
  File "/mnt/titan_nv3/projects/red-horizon-workers/air-approach/runs/jobs/6fd7b48a2daa/source/tests/test_coop.py", line 533, in main
    assert int(hashlib.sha256((root / "src/net/schema.txt").read_bytes()).hexdigest()[:8], 16) == SCHEMA
           ^^^^^^^^^^^^^^^^^^^^^^^^^^^^^^^^^^^^^^^^^^^^^^^^^^^^^^^^^^^^^^^^^^^^^^^^^^^^^^^^^^^^^^^^^^^^^
AssertionError
ERROR: Command '['/usr/bin/python3', 'tests/test_coop.py', '--server', '/mnt/titan_nv3/projects/red-horizon-workers/air-approach/runs/jobs/6fd7b48a2daa/source/build/revisions/b1eb63c8c53e8f2e001d67bf6545112dc461e623-02eab156a1a31b0b/red-horizon-coop-server', '--client-lib', '/mnt/titan_nv3/projects/red-horizon-workers/air-approach/runs/jobs/6fd7b48a2daa/source/build/libcoopclient.so']' returned non-zero exit status 1.
{"target": "coop", "revision": "b1eb63c8c53e8f2e001d67bf6545112dc461e623-02eab156a1a31b0b", "assembled": 73, "assembled_sources": ["src/sim/infantry_aim.asm", "src/sim/air_crash.asm", "src/sim/operation.asm", "src/sim/world_contact.asm", "src/sim/air_crash_remote.asm", "src/sim/depot_ammunition.asm", "src/sim/ordnance_admission.asm", "src/sim/scenarios.asm", "src/sim/company_remote.asm", "src/sim/infantry_weapon.asm", "src/sim/depot_supply_remote.asm", "src/sim/wrecks.asm", "src/sim/infantry_event.asm", "src/sim/world.asm", "src/sim/company_supply_remote.asm", "src/sim/player_ammunition_remote.asm", "src/sim/air_admission.asm", "src/sim/projectiles.asm", "src/sim/wreck_remote.asm", "src/nav/segment_box.asm", "src/nav/air_runways.asm", "src/nav/world_los.asm", "src/nav/terrain_ground_query.asm", "src/nav/ground_eye.asm", "src/nav/crowd.asm", "src/nav/terrain_surface.asm", "src/nav/squads.asm", "src/nav/terrain_relief.asm", "src/nav/terrain_body.asm", "src/nav/wreck_query.asm", "src/nav/segment_sphere.asm", "src/nav/wreck_nav.asm", "src/nav/terrain.asm", "src/nav/world_body.asm", "src/nav/ground_contact.asm", "src/nav/terrain_solid_query.asm", "src/nav/terrain_grade.asm", "src/nav/ground_support.asm", "src/ai/air_recovery.asm", "src/ai/company_defend.asm", "src/ai/air_observation.asm", "src/ai/air_escort.asm", "src/ai/air_threats.asm", "src/ai/air_approach.asm", "src/ai/hazards.asm", "src/ai/air_fuel.asm", "src/ai/company_control.asm", "src/ai/air_bank.asm", "src/ai/infantry_human.asm", "src/ai/company_follow.asm", "src/ai/hazard_steering.asm", "src/ai/company_assault.asm", "src/ai/air_vertical.asm", "src/ai/bomb_fall.asm", "src/ai/air_bases.asm", "src/ai/air_gunnery.asm", "src/ai/air_world.asm", "src/ai/aircraft.asm", "src/ai/company_supply.asm", "src/ai/company_transfer.asm", "src/ai/infantry_supply_route.asm", "src/ai/depot_supply.asm", "src/ai/air_pursuit.asm", "src/ai/tactics.asm", "src/ai/air_separation.asm", "src/game/player_blast.asm", "src/game/player.asm", "src/game/ground_motion.asm", "src/game/command_wheel.asm", "src/game/vehicles.asm", "src/game/deployment_blast.asm", "src/game/player_ammunition.asm", "src/net/coop_server.asm"], "seconds": 0.870005052012857, "executable": "/mnt/titan_nv3/projects/red-horizon-workers/air-approach/runs/jobs/6fd7b48a2daa/source/build/revisions/b1eb63c8c53e8f2e001d67bf6545112dc461e623-02eab156a1a31b0b/red-horizon-coop-server"}
{"target": "headless", "revision": "b1eb63c8c53e8f2e001d67bf6545112dc461e623-02eab156a1a31b0b", "assembled": 1, "assembled_sources": ["src/platform/linux/headless.asm"], "seconds": 0.5691880090162158, "executable": "/mnt/titan_nv3/projects/red-horizon-workers/air-approach/runs/jobs/6fd7b48a2daa/source/build/revisions/b1eb63c8c53e8f2e001d67bf6545112dc461e623-02eab156a1a31b0b/red-horizon-server"}
