{"suite": "owned-projectile-priority", "passed": true, "cases": 18, "maximum_owned_priority": 4, "minimum_fair_capacity": 14, "MTU_maximum": 1196, "negative_controls": ["priority_omitted", "freshest_omitted", "source_generation_omitted", "dedup_omitted"], "preserved_authority_and_ABI": true, "source_sha256": "ca4bfdafaeb1ac9043de3d6ab2b82b9b26d5fcf962a883ca63f1da73779ab8ca", "scope": "Actual extracted server packet builder with controlled core records. Real UDP/GUI and extended network verification remain separate."}
{"suite": "network", "packets": 45, "passed": true, "build_and_test_seconds": 2.024731}
{"terrain_roads": 19, "checked": true}
{"terrain_relief_fields": 1, "checked": true}
{"terrain_grade_facets": 9, "checked": true}
{"terrain_world_checked": true, "patch": {"x": [5375, 5875], "z": [4750, 5625], "spacing": 5, "max_height_error": 0.027, "route_margin": 6, "node_limit": 27}, "interior_height_bound": 0.025009375, "seam_correction_bound": 0.0009765625, "roundoff_allowance": 0.0001}
{"ground_content": "0xeb7e8db7", "canonical_sha256": "eb7e8db758e8bc479b20d8feb9e504bf7a75e685634d56fcffaa544f37d49f74", "checked": true}
{"terrain_roads": 19, "checked": true}
{"terrain_relief_fields": 1, "checked": true}
{"terrain_grade_facets": 9, "checked": true}
{"terrain_world_checked": true, "patch": {"x": [5375, 5875], "z": [4750, 5625], "spacing": 5, "max_height_error": 0.027, "route_margin": 6, "node_limit": 27}, "interior_height_bound": 0.025009375, "seam_correction_bound": 0.0009765625, "roundoff_allowance": 0.0001}
{"ground_content": "0xeb7e8db7", "canonical_sha256": "eb7e8db758e8bc479b20d8feb9e504bf7a75e685634d56fcffaa544f37d49f74", "checked": true}
Traceback (most recent call last):
  File "/mnt/titan_nv3/projects/red-horizon-workers/air-world/runs/jobs/b5afdb9f1538/source/tests/test_coop.py", line 589, in <module>
    main()
    ~~~~^^
  File "/mnt/titan_nv3/projects/red-horizon-workers/air-world/runs/jobs/b5afdb9f1538/source/tests/test_coop.py", line 573, in main
    assert int(hashlib.sha256(encoded).hexdigest()[:8], 16) == CONTENT
           ^^^^^^^^^^^^^^^^^^^^^^^^^^^^^^^^^^^^^^^^^^^^^^^^^^^^^^^^^^^
AssertionError
ERROR: Command '['/usr/bin/python3', 'tests/test_coop.py', '--server', '/mnt/titan_nv3/projects/red-horizon-workers/air-world/runs/jobs/b5afdb9f1538/source/build/revisions/17c95e037a56df65b0c9176eebe96d7e63b4d886-685d667b6773568a/red-horizon-coop-server', '--client-lib', '/mnt/titan_nv3/projects/red-horizon-workers/air-world/runs/jobs/b5afdb9f1538/source/build/libcoopclient.so']' returned non-zero exit status 1.
{"target": "coop", "revision": "17c95e037a56df65b0c9176eebe96d7e63b4d886-685d667b6773568a", "assembled": 69, "assembled_sources": ["src/sim/infantry_aim.asm", "src/sim/air_crash.asm", "src/sim/operation.asm", "src/sim/world_contact.asm", "src/sim/air_crash_remote.asm", "src/sim/depot_ammunition.asm", "src/sim/ordnance_admission.asm", "src/sim/scenarios.asm", "src/sim/company_remote.asm", "src/sim/infantry_weapon.asm", "src/sim/depot_supply_remote.asm", "src/sim/wrecks.asm", "src/sim/infantry_event.asm", "src/sim/world.asm", "src/sim/company_supply_remote.asm", "src/sim/player_ammunition_remote.asm", "src/sim/air_admission.asm", "src/sim/projectiles.asm", "src/sim/wreck_remote.asm", "src/nav/segment_box.asm", "src/nav/world_los.asm", "src/nav/terrain_ground_query.asm", "src/nav/ground_eye.asm", "src/nav/crowd.asm", "src/nav/terrain_surface.asm", "src/nav/squads.asm", "src/nav/terrain_relief.asm", "src/nav/terrain_body.asm", "src/nav/wreck_query.asm", "src/nav/segment_sphere.asm", "src/nav/wreck_nav.asm", "src/nav/terrain.asm", "src/nav/world_body.asm", "src/nav/ground_contact.asm", "src/nav/terrain_solid_query.asm", "src/nav/terrain_grade.asm", "src/nav/ground_support.asm", "src/ai/air_recovery.asm", "src/ai/company_defend.asm", "src/ai/air_observation.asm", "src/ai/air_escort.asm", "src/ai/air_threats.asm", "src/ai/hazards.asm", "src/ai/company_control.asm", "src/ai/air_bank.asm", "src/ai/infantry_human.asm", "src/ai/company_follow.asm", "src/ai/hazard_steering.asm", "src/ai/company_assault.asm", "src/ai/air_vertical.asm", "src/ai/bomb_fall.asm", "src/ai/air_gunnery.asm", "src/ai/air_world.asm", "src/ai/aircraft.asm", "src/ai/company_supply.asm", "src/ai/company_transfer.asm", "src/ai/infantry_supply_route.asm", "src/ai/depot_supply.asm", "src/ai/air_pursuit.asm", "src/ai/tactics.asm", "src/ai/air_separation.asm", "src/game/player_blast.asm", "src/game/player.asm", "src/game/ground_motion.asm", "src/game/command_wheel.asm", "src/game/vehicles.asm", "src/game/deployment_blast.asm", "src/game/player_ammunition.asm", "src/net/coop_server.asm"], "seconds": 0.6836274229863193, "executable": "/mnt/titan_nv3/projects/red-horizon-workers/air-world/runs/jobs/b5afdb9f1538/source/build/revisions/17c95e037a56df65b0c9176eebe96d7e63b4d886-685d667b6773568a/red-horizon-coop-server"}
{"target": "headless", "revision": "17c95e037a56df65b0c9176eebe96d7e63b4d886-685d667b6773568a", "assembled": 1, "assembled_sources": ["src/platform/linux/headless.asm"], "seconds": 0.3914771689742338, "executable": "/mnt/titan_nv3/projects/red-horizon-workers/air-world/runs/jobs/b5afdb9f1538/source/build/revisions/17c95e037a56df65b0c9176eebe96d7e63b4d886-685d667b6773568a/red-horizon-server"}
