binding forward=W
binding back=S
binding left=A
binding right=D
binding sprint=LSHIFT
binding crouch=LCTRL
binding jump=SPACE
binding reload=R
binding enter_vehicle=E
binding exit_vehicle=Q
binding fire=LMB
binding tactical_map=TAB
binding command_wheel=MMB
binding command_cancel=RMB
binding quit=ESC
binding advance=1
binding hold=2
binding retreat=3
binding follow=4
binding front_1=F1
binding front_2=F2
binding front_3=F3
binding weather=F4
binding exchange_0=F5
binding exchange_1=F6
binding exchange_2=F7
binding exchange_3=F8
binding exchange_accept=F9
binding exchange_decline=F10
binding exchange_cancel=F11
binding defend=5
{"listen_ready":true,"port":57064,"child_pid":2609882,"units":8192,"scenario":0}
4.6 (Core Profile) Mesa 26.2.3
{"client_presentation":true,"hidden":1,"swap_interval_requested":0,"viewport_width":1280,"viewport_height":720,"framebuffer_width":1280,"framebuffer_height":720}
client_render_device=Mesa Intel(R) Arc(tm) A770 Graphics (DG2)
{"client_metrics":true,"cpu_samples":120,"gpu_samples":112,"cpu_frame_mean_ms":1.160595,"cpu_frame_p95_ms":1.434677,"cpu_frame_p99_ms":8.276353,"gpu_draw_mean_ms":0.981118,"gpu_draw_p95_ms":1.131406,"gpu_draw_p99_ms":1.256406}
{"client_phase_metrics":true,"phase":"simulation","samples":120,"mean_ms":0.013076,"p95_ms":0.036301,"p99_ms":0.062458,"clock_errors":0}
{"client_phase_metrics":true,"phase":"render_routes","samples":120,"mean_ms":0.683361,"p95_ms":0.813153,"p99_ms":6.293283,"clock_errors":0}
{"client_phase_metrics":true,"phase":"audio_pump","samples":120,"mean_ms":0.192555,"p95_ms":0.232800,"p99_ms":0.244688,"clock_errors":0}
{"client_pacing":true,"frame_cap_requested":60,"waits":119,"late_rebases":0,"clock_errors":0,"work_metrics_exclude_cap_wait":true}
{"visibility_census":true,"visible_actors":196,"visible_high":11,"visible_low":185,"visible_markers":0,"individually_detailed_actors":196,"width":1280,"height":720,"source_tick":63,"invalid_codes":0,"readback_reduce_ms":7.150830,"scope":"opaque world depth before translucent cosmetics and HUD; opaque weapon occlusion included","authority_readonly":true,"authority_before":"dcc44899217797c1","authority_after":"dcc44899217797c1"}
{"battle_metrics":true,"samples":120,"simultaneous_projectiles_effects_audio_frames":0,"peak_living":8192,"peak_engaged":0,"peak_projectiles":0,"peak_submitted_high":99,"peak_submitted_low":1457,"peak_submitted_markers":0,"peak_effect_records":38,"peak_trail_records":0,"peak_audio_voices":128,"initial_living":8192,"visible_individual_count":"unmeasured","scope":"frame samples; independent peaks need not coincide; submitted models are not pixel visibility"}
meshes loaded=18 high=96 low=1457 markers=0 source_triangles=285568 animation_frame=15
client frames=120 submitted_entities=8192 screenshot=(none)
camera_x=3780.00 camera_z=1300.00 shots=0 hits=0 last_order=0
weapon ammo=30 reloads=0 front=0
operation state=0 req=178 supply=600 waypoint_orders=0
selected_goal_x=-20000.000 selected_goal_z=-20000.000
player id=0 hp=100 suppression=0 respawn=0 generation=1
start_player_x=3780.000 start_player_z=1300.000
network connected=1 player=0 front=0 server_tick=63 known_living=1553 local_sim_ticks=0
{"listen_host":true,"port":57064,"child_pid":2609882,"child_exited":1,"startup_failed":0}
