RETRY 100 3882.364501953125 4101.02880859375 4.999007225036621 0.35999998450279236 1.241471529006958 0 104 8 0 4300.0 4000.0
RETRY 200 4242.90625 4416.1015625 4.975438594818115 1.346703052520752 0.38132244348526 0 104 8 0 4300.0 4000.0
RETRY 300 4193.4619140625 4891.61181640625 4.956783294677734 1.346703052520752 -0.5786840915679932 1 104 8 0 4300.0 4000.0
RETRY 400 3782.58203125 5118.93603515625 4.87039041519165 1.3420952558517456 -1.543278455734253 0 104 8 0 4300.0 4000.0
RETRY 500 3357.54736328125 4915.27001953125 4.956625461578369 0.5676699876785278 -2.3725523948669434 0 104 8 0 4300.0 4000.0
RETRY 600 3015.686279296875 4551.3076171875 4.999232769012451 0.00025369093054905534 -2.3895602226257324 0 104 8 0 4300.0 4000.0
RETRY 700 2674.38623046875 4186.43408203125 4.999755859375 4.374438867671415e-05 -2.3895716667175293 0 104 8 0 4300.0 4000.0
RETRY 800 2412.2880859375 3773.62939453125 4.9693779945373535 1.346703052520752 -2.982189655303955 0 104 8 1 4300.0 4000.0
RETRY 900 2564.90380859375 3325.6689453125 4.894465446472168 1.34437894821167 2.3321588039398193 0 104 8 1 4300.0 4000.0
RETRY 1000 3015.31591796875 3198.090087890625 4.848818778991699 1.3400189876556396 1.3712801933288574 0 104 8 1 4300.0 4000.0
RETRY 1100 3410.9599609375 3470.487060546875 4.999627113342285 -0.8437959551811218 0.8084022402763367 1 104 8 1 4300.0 4000.0
RETRY 1200 3822.60205078125 3749.895263671875 4.99906587600708 -0.9593150615692139 1.13711416721344 1 104 8 1 4300.0 4000.0
RETRY 1300 4298.9833984375 3896.87158203125 4.9997334480285645 -0.6643099784851074 1.3794081211090088 1 104 8 1 4300.0 4000.0
RETRY 1400 4770.11865234375 4040.218505859375 4.970396518707275 1.346703052520752 0.9091625809669495 1 104 8 0 4300.0 4000.0
RETRY 1500 4964.544921875 4472.93115234375 4.899354934692383 1.3448385000228882 -0.05871565639972687 1 104 8 0 4300.0 4000.0
Traceback (most recent call last):
  File "/tmp/rh-low-strike-debug.py", line 94, in <module>
    else:assert release and death and 600<release<death<=1500 and A[15].ammo==7,(tag,release,death,E[15].hp,A[15].ammo,E[15].x,E[15].z,A[15].speed,A[15].mode,M[15].stage,M[15].until)
                ^^^^^^^^^^^^^^^^^^^^^^^^^^^^^^^^^^^^^^^^^^^^^^^^^^^^^^^^^^^^^^^
AssertionError: ('recall', None, None, 104, 8, 4964.544921875, 4472.93115234375, 4.899354934692383, 1, 0, 3900)
