{"suite": "owned-projectile-priority", "passed": true, "cases": 18, "maximum_owned_priority": 4, "minimum_fair_capacity": 14, "MTU_maximum": 1196, "negative_controls": ["priority_omitted", "freshest_omitted", "source_generation_omitted", "dedup_omitted"], "preserved_authority_and_ABI": true, "source_sha256": "ca4bfdafaeb1ac9043de3d6ab2b82b9b26d5fcf962a883ca63f1da73779ab8ca", "scope": "Actual extracted server packet builder with controlled core records. Real UDP/GUI and extended network verification remain separate."}
{"suite": "network", "packets": 45, "passed": true, "build_and_test_seconds": 2.038687}
{"terrain_roads": 19, "checked": true}
{"terrain_relief_fields": 1, "checked": true}
{"terrain_grade_facets": 9, "checked": true}
{"terrain_world_checked": true, "patch": {"x": [5375, 5875], "z": [4750, 5625], "spacing": 5, "max_height_error": 0.027, "route_margin": 6, "node_limit": 27}, "interior_height_bound": 0.025009375, "seam_correction_bound": 0.0009765625, "roundoff_allowance": 0.0001}
{"ground_content": "0x551748ea", "canonical_sha256": "551748eabefaa269c2c67d31e1339dc3de4fb82a7fa2ca725f71461be70a1973", "checked": true}
{"terrain_roads": 19, "checked": true}
{"terrain_relief_fields": 1, "checked": true}
{"terrain_grade_facets": 9, "checked": true}
{"terrain_world_checked": true, "patch": {"x": [5375, 5875], "z": [4750, 5625], "spacing": 5, "max_height_error": 0.027, "route_margin": 6, "node_limit": 27}, "interior_height_bound": 0.025009375, "seam_correction_bound": 0.0009765625, "roundoff_allowance": 0.0001}
{"ground_content": "0x551748ea", "canonical_sha256": "551748eabefaa269c2c67d31e1339dc3de4fb82a7fa2ca725f71461be70a1973", "checked": true}
{"suite": "cooperative-world", "passed": true, "server": {"ticks": 180, "simulated": 8192, "bytes_in": 69228, "bytes_out": 1442168, "entity_records": 11520, "rejected": 13, "disconnects": 2, "distinct_client_entity_pairs": 10604, "nearby_interest": 5439, "unseen_interest": 0, "aircraft_records": 3240, "air_xz_refreshes_verified": 1107}}
{"suite": "co-op-player-movement", "passed": true, "authority": "actual64actor30Hzdedicatedserver; no fixture writes", "crouch_eye": 1.1000000992664596, "crouch_metres_per_second": 2.397003173828125, "jump_peak_eye_offset": 3.7311130310053855, "held_jump_lands": true, "release_repress_jumps": true, "crouch_blocks_jump": true, "unknown_bits_rejected_adapter_and_server": true, "adapter_tick_matches_server": true, "max_peer_packet": 848}
{"suite": "network-projectiles", "passed": true, "malformed_batches": 21, "whole_batch_immutability": true, "generation_reuse_reorder_and_loss_expiry": true, "authority_unchanged_by_cosmetics": true, "disconnect_clears": true, "actual_server_bomb_motion_damage_and_tombstone": true, "authentic_delayed_reordered_duplicate_and_lost_death_replay": true, "authentic_bomb_samples": 44, "adapter_bomb_samples": 619, "max_packet": 848, "fixture_writes": "actor positions and bomber pose only"}
{"suite": "network-events", "passed": true, "malformed_cases": 47, "whole_packet_validation": true, "deduplication": true, "pool_wrap": true, "vehicle_state_validation": true, "aircraft_whole_packet_validation": true, "aircraft_generation_and_reordering": true, "aircraft_independent_warmup_and_xz": true, "fixtures": "wire payloads; real assembly adapter"}
{"suite": "co-op-combat", "passed": true, "board_drive_fire_exit": true, "exclusive_ownership": true, "replicated_launch_and_impact": true, "assembly_adapter_events": true, "max_packet": 1196, "fixture_writes": "positions only; own server"}
{"suite": "ground-network-parser", "passed": true, "malformed_batches_rejected": 26, "warmup_without_sparse_entities": true, "whole_batch_atomic": true, "sparse_same_tick_precedence": true, "generation_reuse_and_no_revival": true, "disconnect_and_timeout_clear": true}
{"suite": "ground-network-server", "passed": true, "authentic_ground_packets": 45, "owned_priority_packets": 45, "authority_matches": 803, "moving_authority_matches": 742, "moving_hulls": [285, 300, 318, 333, 348, 366, 381, 396, 414, 429, 444, 462, 477, 492, 510, 525, 540, 558, 573, 588, 606, 621, 636, 654, 669, 684, 702, 717, 732, 750, 765, 780, 798, 813, 828, 846, 861, 876, 894, 909, 924, 942, 957, 972, 990, 1005, 1038, 1053, 1068, 1086, 1101, 1116, 1134, 1149, 1164, 1182, 1197, 1212, 1230, 1245, 1260, 1278, 1293, 1308, 1326, 1341, 1356, 1374, 1389, 1404, 1422, 1437, 1452, 1470, 1485, 1500, 1518, 1533, 1548, 1566, 1581, 1596, 1614, 1629, 1644, 1662, 1677, 1692, 1710, 1725, 1740, 1758, 1773, 1788, 1806, 1821, 1836, 1854, 1869, 1884, 1902, 1917, 156, 174, 189, 204, 222, 237, 252, 270, 1932, 1950, 1965, 1980, 1998, 2013, 2028, 2046, 12, 30, 45, 60, 78, 93, 108, 126, 141], "max_packet": 1196, "ground_only_warmup_with_reorder_duplicate_drop": true}
{"suite": "wreck-network-parser", "passed": true, "malformed_packets_rejected": 12, "whole_batch_atomic": true, "remote_only_warmup": true, "retirement_stale_and_no_revival": true, "authority_unchanged": true, "clock_expiry_disconnect_timeout": true}
{"suite": "wreck-network-server", "passed": true, "units": 8192, "declared_births": 2, "genuine_casualty_identity": [0, 1], "actual_wire_authority_matches": 1, "authentic_packets": 3, "late_join_recovered": true, "actual_world_expiry_tombstone": false, "max_wreck_packet": 108, "authentic_wreck_only_replay_with_drop_reorder_duplicate": true, "duplicate_samples_previously_delivered": true, "delayed_first_delivery_records": 0, "scope": "Actual NASM server combat/registry/global stream and adapter; two initial births only, no in-flight HP/pose/clock refresh. Expiry proven only with --extended; visible graphics separate."}
{"target": "coop", "revision": "0d3c803f88dae07c0944408f90138c3b4642b12f-097410c9d2808a7d", "assembled": 1, "assembled_sources": ["src/net/coop_server.asm"], "seconds": 0.42229722399497405, "executable": "/mnt/titan_nv3/projects/red-horizon/build/revisions/0d3c803f88dae07c0944408f90138c3b4642b12f-097410c9d2808a7d/red-horizon-coop-server"}
{"target": "headless", "revision": "0d3c803f88dae07c0944408f90138c3b4642b12f-097410c9d2808a7d", "assembled": 0, "assembled_sources": [], "seconds": 0.39135158600402065, "executable": "/mnt/titan_nv3/projects/red-horizon/build/revisions/0d3c803f88dae07c0944408f90138c3b4642b12f-097410c9d2808a7d/red-horizon-server"}
