{"terrain_roads": 19, "checked": true}
{"terrain_relief_fields": 1, "checked": true}
{"terrain_grade_facets": 9, "checked": true}
{"terrain_world_checked": true, "patch": {"x": [5375, 5875], "z": [4750, 5625], "spacing": 5, "max_height_error": 0.027, "route_margin": 6, "node_limit": 27}, "interior_height_bound": 0.025009375, "seam_correction_bound": 0.0009765625, "roundoff_allowance": 0.0001}
{"ground_content": "0x397df36d", "canonical_sha256": "397df36d783694bc6b84a974e9dec9a5d7baf850dea1042e3fbf33d82e4d41c5", "checked": true}
{"terrain_roads": 19, "checked": true}
{"terrain_relief_fields": 1, "checked": true}
{"terrain_grade_facets": 9, "checked": true}
{"terrain_world_checked": true, "patch": {"x": [5375, 5875], "z": [4750, 5625], "spacing": 5, "max_height_error": 0.027, "route_margin": 6, "node_limit": 27}, "interior_height_bound": 0.025009375, "seam_correction_bound": 0.0009765625, "roundoff_allowance": 0.0001}
{"ground_content": "0x397df36d", "canonical_sha256": "397df36d783694bc6b84a974e9dec9a5d7baf850dea1042e3fbf33d82e4d41c5", "checked": true}
{"target": "client", "revision": "8c8d27049e659f503cd345d15ac0243ccc64b58c-358fb19eb6159a95", "assembled": 0, "assembled_sources": [], "seconds": 0.39816878002602607, "executable": "/mnt/titan_nv3/projects/red-horizon-workers/air-escort-fuel/build/revisions/8c8d27049e659f503cd345d15ac0243ccc64b58c-358fb19eb6159a95/red-horizon"}
{"target": "coop", "revision": "8c8d27049e659f503cd345d15ac0243ccc64b58c-358fb19eb6159a95", "assembled": 0, "assembled_sources": [], "seconds": 0.37603587401099503, "executable": "/mnt/titan_nv3/projects/red-horizon-workers/air-escort-fuel/build/revisions/8c8d27049e659f503cd345d15ac0243ccc64b58c-358fb19eb6159a95/red-horizon-coop-server"}
binding forward=W
binding back=S
binding left=A
binding right=D
binding sprint=LSHIFT
binding crouch=LCTRL
binding jump=SPACE
binding reload=R
binding enter_vehicle=E
binding exit_vehicle=Q
binding fire=LMB
binding tactical_map=TAB
binding command_wheel=MMB
binding command_cancel=RMB
binding quit=ESC
binding advance=1
binding hold=2
binding retreat=3
binding follow=4
binding front_1=F1
binding front_2=F2
binding front_3=F3
binding weather=F4
binding exchange_0=F5
binding exchange_1=F6
binding exchange_2=F7
binding exchange_3=F8
binding exchange_accept=F9
binding exchange_decline=F10
binding exchange_cancel=F11
binding defend=5
{"listen_ready":true,"port":35847,"child_pid":2477053,"units":8192,"scenario":1}
4.6 (Core Profile) Mesa 26.2.3
{"client_presentation":true,"hidden":1,"swap_interval_requested":0,"viewport_width":1920,"viewport_height":1080,"framebuffer_width":1920,"framebuffer_height":1080}
client_render_device=Mesa Intel(R) Arc(tm) A770 Graphics (DG2)
{"client_metrics":true,"cpu_samples":120,"gpu_samples":112,"cpu_frame_mean_ms":1.393902,"cpu_frame_p95_ms":1.701629,"cpu_frame_p99_ms":6.664856,"gpu_draw_mean_ms":1.285309,"gpu_draw_p95_ms":1.405312,"gpu_draw_p99_ms":1.586041}
{"client_phase_metrics":true,"phase":"simulation","samples":120,"mean_ms":0.012167,"p95_ms":0.040862,"p99_ms":0.051357,"clock_errors":0}
{"client_phase_metrics":true,"phase":"render_routes","samples":120,"mean_ms":0.800307,"p95_ms":0.950204,"p99_ms":5.077754,"clock_errors":0}
{"client_phase_metrics":true,"phase":"audio_pump","samples":120,"mean_ms":0.197934,"p95_ms":0.227670,"p99_ms":0.273205,"clock_errors":0}
{"client_pacing":true,"frame_cap_requested":60,"waits":119,"late_rebases":0,"clock_errors":0,"work_metrics_exclude_cap_wait":true}
{"visibility_census":true,"visible_actors":310,"visible_high":0,"visible_low":291,"visible_markers":19,"individually_detailed_actors":291,"width":1920,"height":1080,"source_tick":63,"invalid_codes":0,"readback_reduce_ms":11.719391,"scope":"opaque world depth before translucent cosmetics and HUD; opaque weapon occlusion included","authority_readonly":true,"authority_before":"e05b9793efedec35","authority_after":"e05b9793efedec35"}
{"battle_metrics":true,"samples":120,"simultaneous_projectiles_effects_audio_frames":0,"peak_living":8192,"peak_engaged":0,"peak_projectiles":0,"peak_submitted_high":10,"peak_submitted_low":1321,"peak_submitted_markers":69,"peak_effect_records":44,"peak_trail_records":0,"peak_audio_voices":128,"initial_living":8192,"visible_individual_count":"unmeasured","scope":"frame samples; independent peaks need not coincide; submitted models are not pixel visibility"}
meshes loaded=18 high=4 low=1321 markers=69 source_triangles=171784 animation_frame=15
client frames=120 submitted_entities=8192 screenshot=(none)
camera_x=3350.00 camera_z=2300.00 shots=0 hits=0 last_order=0
weapon ammo=30 reloads=0 front=0
operation state=0 req=178 supply=600 waypoint_orders=0
selected_goal_x=-20000.000 selected_goal_z=-20000.000
player id=0 hp=100 suppression=0 respawn=0 generation=1
start_player_x=3350.000 start_player_z=2300.000
network connected=1 player=0 front=0 server_tick=63 known_living=1394 local_sim_ticks=0
{"listen_host":true,"port":35847,"child_pid":2477053,"child_exited":1,"startup_failed":0}
