binding forward=W
binding back=S
binding left=A
binding right=D
binding sprint=LSHIFT
binding crouch=LCTRL
binding jump=SPACE
binding reload=R
binding enter_vehicle=E
binding exit_vehicle=Q
binding fire=LMB
binding tactical_map=TAB
binding command_wheel=MMB
binding command_cancel=RMB
binding quit=ESC
binding advance=1
binding hold=2
binding retreat=3
binding follow=4
binding front_1=F1
binding front_2=F2
binding front_3=F3
binding weather=F4
binding exchange_0=F5
binding exchange_1=F6
binding exchange_2=F7
binding exchange_3=F8
binding exchange_accept=F9
binding exchange_decline=F10
binding exchange_cancel=F11
binding defend=5
{"listen_ready":true,"port":42479,"child_pid":2784176,"units":8192,"scenario":1}
4.6 (Core Profile) Mesa 26.2.3
{"client_presentation":true,"hidden":1,"swap_interval_requested":0,"viewport_width":1280,"viewport_height":720,"framebuffer_width":1280,"framebuffer_height":720}
client_render_device=Mesa Intel(R) Arc(tm) A770 Graphics (DG2)
{"client_metrics":true,"cpu_samples":120,"gpu_samples":112,"cpu_frame_mean_ms":2.239737,"cpu_frame_p95_ms":3.687545,"cpu_frame_p99_ms":11.393756,"gpu_draw_mean_ms":0.879569,"gpu_draw_p95_ms":0.980312,"gpu_draw_p99_ms":1.051822}
{"client_phase_metrics":true,"phase":"simulation","samples":120,"mean_ms":0.008972,"p95_ms":0.028447,"p99_ms":0.039070,"clock_errors":0}
{"client_phase_metrics":true,"phase":"render_routes","samples":120,"mean_ms":0.865442,"p95_ms":1.908712,"p99_ms":9.524409,"clock_errors":0}
{"client_phase_metrics":true,"phase":"audio_pump","samples":120,"mean_ms":0.195976,"p95_ms":0.218509,"p99_ms":0.225488,"clock_errors":0}
{"client_pacing":true,"frame_cap_requested":60,"waits":119,"late_rebases":0,"clock_errors":0,"work_metrics_exclude_cap_wait":true}
{"visibility_census":true,"visible_actors":302,"visible_high":0,"visible_low":238,"visible_markers":64,"individually_detailed_actors":238,"width":1280,"height":720,"source_tick":61,"invalid_codes":0,"readback_reduce_ms":9.155695,"scope":"opaque world depth before translucent cosmetics and HUD; opaque weapon occlusion included","authority_readonly":true,"authority_before":"aa5d406e1ca10071","authority_after":"aa5d406e1ca10071"}
{"battle_metrics":true,"samples":120,"simultaneous_projectiles_effects_audio_frames":0,"peak_living":8192,"peak_engaged":0,"peak_projectiles":0,"peak_submitted_high":10,"peak_submitted_low":1012,"peak_submitted_markers":341,"peak_effect_records":45,"peak_trail_records":0,"peak_audio_voices":128,"initial_living":8192,"visible_individual_count":"unmeasured","scope":"frame samples; independent peaks need not coincide; submitted models are not pixel visibility"}
meshes loaded=18 high=4 low=1012 markers=341 source_triangles=139002 animation_frame=7
client frames=120 submitted_entities=8192 screenshot=(none)
camera_x=3350.00 camera_z=2300.00 shots=0 hits=0 last_order=0
weapon ammo=30 reloads=0 front=0
operation state=0 req=178 supply=600 waypoint_orders=0
selected_goal_x=-20000.000 selected_goal_z=-20000.000
player id=0 hp=100 suppression=0 respawn=0 generation=1
start_player_x=3350.000 start_player_z=2300.000
network connected=1 player=0 front=0 server_tick=61 known_living=1357 local_sim_ticks=0
{"listen_host":true,"port":42479,"child_pid":2784176,"child_exited":1,"startup_failed":0}
