{"suite": "owned-projectile-priority", "passed": true, "cases": 18, "maximum_owned_priority": 4, "minimum_fair_capacity": 14, "MTU_maximum": 1196, "negative_controls": ["priority_omitted", "freshest_omitted", "source_generation_omitted", "dedup_omitted"], "preserved_authority_and_ABI": true, "source_sha256": "ca4bfdafaeb1ac9043de3d6ab2b82b9b26d5fcf962a883ca63f1da73779ab8ca", "scope": "Actual extracted server packet builder with controlled core records. Real UDP/GUI and extended network verification remain separate."}
{"suite": "network", "packets": 45, "passed": true, "build_and_test_seconds": 2.027633}
{"terrain_roads": 19, "checked": true}
{"terrain_relief_fields": 1, "checked": true}
{"terrain_grade_facets": 9, "checked": true}
{"terrain_world_checked": true, "patch": {"x": [5375, 5875], "z": [4750, 5625], "spacing": 5, "max_height_error": 0.027, "route_margin": 6, "node_limit": 27}, "interior_height_bound": 0.025009375, "seam_correction_bound": 0.0009765625, "roundoff_allowance": 0.0001}
{"ground_content": "0xb2e14d6f", "canonical_sha256": "b2e14d6fe6133220e88f3a90d8bd1eb0bbb472aae0a2a0faaea8a329038d9ff3", "checked": true}
{"terrain_roads": 19, "checked": true}
{"terrain_relief_fields": 1, "checked": true}
{"terrain_grade_facets": 9, "checked": true}
{"terrain_world_checked": true, "patch": {"x": [5375, 5875], "z": [4750, 5625], "spacing": 5, "max_height_error": 0.027, "route_margin": 6, "node_limit": 27}, "interior_height_bound": 0.025009375, "seam_correction_bound": 0.0009765625, "roundoff_allowance": 0.0001}
{"ground_content": "0xb2e14d6f", "canonical_sha256": "b2e14d6fe6133220e88f3a90d8bd1eb0bbb472aae0a2a0faaea8a329038d9ff3", "checked": true}
{"suite": "fourth-player-company-adapter", "passed": true, "actual_player_id": 3, "own_order_ACK": 0, "foreign_front_rejected": true}
{"suite": "cooperative-world", "passed": true, "server": {"ticks": 180, "simulated": 8192, "bytes_in": 69284, "bytes_out": 2013704, "entity_records": 12352, "rejected": 13, "disconnects": 2, "distinct_client_entity_pairs": 10710, "nearby_interest": 5442, "unseen_interest": 0, "aircraft_records": 3240, "checksum": "0x3487bfc873429b97", "scenario": 0, "alive": [3953, 3768], "engaged": 378, "event_sequence": 9097, "air_xz_refreshes_verified": 1197}}
Traceback (most recent call last):
  File "/mnt/titan_nv3/projects/red-horizon-workers/deployment-blast/runs/jobs/7c12b6d86475/source/tests/test_coop_scenarios.py", line 34, in <module>
    assert all(p[5]>0 and 2900<p[0]<4000 and 1750<p[2]<2600 for p in deployment), ('four peers missed safe authored deployment',deployment)
           ~~~^^^^^^^^^^^^^^^^^^^^^^^^^^^^^^^^^^^^^^^^^^^^^^^^^^^^^^^^^^^^^^^^^^
AssertionError: ('four peers missed safe authored deployment', [(920.0, 26.931398391723633, 1300.0, 0.0, 0.0, 100, 30, 0, 0, 0, 0, 1, 0, 0, 0, 1), (1000.0, 26.23219871520996, 1380.0, 0.0, 0.0, 100, 30, 0, 0, 0, 1, 1, 0, 0, 0, 1), (1000.0, 26.664199829101562, 1220.0, 0.0, 0.0, 100, 30, 0, 0, 0, 2, 1, 0, 0, 0, 1), (850.0, 27.36749839782715, 1300.0, 0.0, 0.0, 100, 30, 0, 0, 0, 0, 1, 0, 0, 0, 1)])
ERROR: Command '['/usr/bin/python3', 'tests/test_coop_scenarios.py', '/mnt/titan_nv3/projects/red-horizon-workers/deployment-blast/runs/jobs/7c12b6d86475/source/build/revisions/d3d7438c9209c288d46bd850852e6e2540488049-970ff80d3d594d42/red-horizon-coop-server', '/mnt/titan_nv3/projects/red-horizon-workers/deployment-blast/runs/jobs/7c12b6d86475/source/build/libcoopclient.so']' returned non-zero exit status 1.
{"target": "coop", "revision": "d3d7438c9209c288d46bd850852e6e2540488049-970ff80d3d594d42", "assembled": 68, "assembled_sources": ["src/sim/infantry_aim.asm", "src/sim/air_crash.asm", "src/sim/operation.asm", "src/sim/world_contact.asm", "src/sim/air_crash_remote.asm", "src/sim/depot_ammunition.asm", "src/sim/ordnance_admission.asm", "src/sim/scenarios.asm", "src/sim/company_remote.asm", "src/sim/infantry_weapon.asm", "src/sim/depot_supply_remote.asm", "src/sim/wrecks.asm", "src/sim/infantry_event.asm", "src/sim/world.asm", "src/sim/company_supply_remote.asm", "src/sim/player_ammunition_remote.asm", "src/sim/air_admission.asm", "src/sim/projectiles.asm", "src/sim/wreck_remote.asm", "src/nav/segment_box.asm", "src/nav/world_los.asm", "src/nav/terrain_ground_query.asm", "src/nav/ground_eye.asm", "src/nav/crowd.asm", "src/nav/terrain_surface.asm", "src/nav/squads.asm", "src/nav/terrain_relief.asm", "src/nav/terrain_body.asm", "src/nav/wreck_query.asm", "src/nav/segment_sphere.asm", "src/nav/wreck_nav.asm", "src/nav/terrain.asm", "src/nav/world_body.asm", "src/nav/ground_contact.asm", "src/nav/terrain_solid_query.asm", "src/nav/terrain_grade.asm", "src/nav/ground_support.asm", "src/ai/air_recovery.asm", "src/ai/company_defend.asm", "src/ai/air_observation.asm", "src/ai/air_escort.asm", "src/ai/air_threats.asm", "src/ai/hazards.asm", "src/ai/company_control.asm", "src/ai/air_bank.asm", "src/ai/infantry_human.asm", "src/ai/company_follow.asm", "src/ai/hazard_steering.asm", "src/ai/company_assault.asm", "src/ai/air_vertical.asm", "src/ai/bomb_fall.asm", "src/ai/air_gunnery.asm", "src/ai/aircraft.asm", "src/ai/company_supply.asm", "src/ai/company_transfer.asm", "src/ai/infantry_supply_route.asm", "src/ai/depot_supply.asm", "src/ai/air_pursuit.asm", "src/ai/tactics.asm", "src/ai/air_separation.asm", "src/game/player_blast.asm", "src/game/player.asm", "src/game/ground_motion.asm", "src/game/command_wheel.asm", "src/game/vehicles.asm", "src/game/deployment_blast.asm", "src/game/player_ammunition.asm", "src/net/coop_server.asm"], "seconds": 0.6764559150033165, "executable": "/mnt/titan_nv3/projects/red-horizon-workers/deployment-blast/runs/jobs/7c12b6d86475/source/build/revisions/d3d7438c9209c288d46bd850852e6e2540488049-970ff80d3d594d42/red-horizon-coop-server"}
{"target": "headless", "revision": "d3d7438c9209c288d46bd850852e6e2540488049-970ff80d3d594d42", "assembled": 1, "assembled_sources": ["src/platform/linux/headless.asm"], "seconds": 0.40112415701150894, "executable": "/mnt/titan_nv3/projects/red-horizon-workers/deployment-blast/runs/jobs/7c12b6d86475/source/build/revisions/d3d7438c9209c288d46bd850852e6e2540488049-970ff80d3d594d42/red-horizon-server"}
