name of display: :0
display: :0  screen: 0
direct rendering: Yes
Extended renderer info (GLX_MESA_query_renderer):
    Vendor: Intel (0x8086)
    Device: Mesa Intel(R) Arc(tm) A770 Graphics (DG2) (0x56a0)
    Version: 26.2.3
    Accelerated: yes
    Video memory: 16288MB
    Unified memory: no
    Preferred profile: core (0x1)
    Max core profile version: 4.6
    Max compat profile version: 4.6
    Max GLES1 profile version: 1.1
    Max GLES[23] profile version: 3.2
Memory info (GL_ATI_meminfo):
    VBO free memory - total: 16288 MB, largest block: 16288 MB
    VBO free aux. memory - total: 33140 MB, largest block: 33140 MB
    Texture free memory - total: 16288 MB, largest block: 16288 MB
    Texture free aux. memory - total: 33140 MB, largest block: 33140 MB
    Renderbuffer free memory - total: 16288 MB, largest block: 16288 MB
    Renderbuffer free aux. memory - total: 33140 MB, largest block: 33140 MB
Memory info (GL_NVX_gpu_memory_info):
    Dedicated video memory: 16288 MB
    Total available memory: 64197 MB
    Currently available dedicated video memory: 16288 MB
OpenGL vendor string: Intel
OpenGL renderer string: Mesa Intel(R) Arc(tm) A770 Graphics (DG2)
OpenGL core profile version string: 4.6 (Core Profile) Mesa 26.2.3
OpenGL core profile shading language version string: 4.60
OpenGL core profile context flags: (none)
OpenGL core profile profile mask: core profile

OpenGL version string: 4.6 (Compatibility Profile) Mesa 26.2.3
OpenGL shading language version string: 4.60
OpenGL context flags: (none)
OpenGL profile mask: compatibility profile

OpenGL ES profile version string: OpenGL ES 3.2 Mesa 26.2.3
OpenGL ES profile shading language version string: OpenGL ES GLSL ES 3.20

