binding forward=W
binding back=S
binding left=A
binding right=D
binding sprint=LSHIFT
binding crouch=LCTRL
binding jump=SPACE
binding reload=R
binding enter_vehicle=E
binding exit_vehicle=Q
binding fire=LMB
binding tactical_map=TAB
binding command_wheel=MMB
binding command_cancel=RMB
binding quit=ESC
binding advance=1
binding hold=2
binding retreat=3
binding follow=4
binding front_1=F1
binding front_2=F2
binding front_3=F3
binding weather=F4
binding exchange_0=F5
binding exchange_1=F6
binding exchange_2=F7
binding exchange_3=F8
binding exchange_accept=F9
binding exchange_decline=F10
binding exchange_cancel=F11
binding defend=5
4.6 (Core Profile) Mesa 26.2.3
{"client_presentation":true,"hidden":1,"swap_interval_requested":0,"viewport_width":1920,"viewport_height":1080,"framebuffer_width":1920,"framebuffer_height":1080}
client_render_device=Mesa Intel(R) Arc(tm) A770 Graphics (DG2)
{"client_metrics":true,"cpu_samples":600,"gpu_samples":592,"cpu_frame_mean_ms":0.977666,"cpu_frame_p95_ms":1.268175,"cpu_frame_p99_ms":1.710855,"gpu_draw_mean_ms":0.941012,"gpu_draw_p95_ms":1.139479,"gpu_draw_p99_ms":1.162656}
{"client_phase_metrics":true,"phase":"simulation","samples":600,"mean_ms":0.007436,"p95_ms":0.021504,"p99_ms":0.035465,"clock_errors":0}
{"client_phase_metrics":true,"phase":"render_routes","samples":600,"mean_ms":0.576057,"p95_ms":0.737880,"p99_ms":1.018825,"clock_errors":0}
{"client_phase_metrics":true,"phase":"audio_pump","samples":600,"mean_ms":0.193029,"p95_ms":0.221706,"p99_ms":0.243503,"clock_errors":0}
{"client_pacing":true,"frame_cap_requested":60,"waits":599,"late_rebases":0,"clock_errors":0,"work_metrics_exclude_cap_wait":true}
{"visibility_census":true,"visible_actors":408,"visible_high":18,"visible_low":389,"visible_markers":1,"individually_detailed_actors":407,"width":1920,"height":1080,"source_tick":303,"invalid_codes":0,"readback_reduce_ms":9.552279,"scope":"opaque world depth before translucent cosmetics and HUD; opaque weapon occlusion included","authority_readonly":true,"authority_before":"9172f684b4a6590b","authority_after":"9172f684b4a6590b"}
{"battle_metrics":true,"samples":600,"simultaneous_projectiles_effects_audio_frames":0,"peak_living":8192,"peak_engaged":0,"peak_projectiles":0,"peak_submitted_high":102,"peak_submitted_low":2579,"peak_submitted_markers":0,"peak_effect_records":60,"peak_trail_records":0,"peak_audio_voices":128,"initial_living":8192,"visible_individual_count":"unmeasured","scope":"frame samples; independent peaks need not coincide; submitted models are not pixel visibility"}
meshes loaded=18 high=80 low=2468 markers=0 source_triangles=383406 animation_frame=1
client frames=600 submitted_entities=8192 screenshot=/mnt/titan_nv3/projects/red-horizon/runs/native-dedicated-profile/final.ppm
camera_x=3780.00 camera_z=1300.00 shots=0 hits=0 last_order=0
weapon ammo=30 reloads=0 front=0
operation state=0 req=490 supply=600 waypoint_orders=0
selected_goal_x=-20000.000 selected_goal_z=-20000.000
player id=0 hp=100 suppression=0 respawn=0 generation=1
start_player_x=3780.000 start_player_z=1300.000
network connected=1 player=0 front=0 server_tick=303 known_living=2548 local_sim_ticks=0
