{"terrain_roads": 19, "checked": true}
{"terrain_relief_fields": 1, "checked": true}
{"terrain_grade_facets": 9, "checked": true}
{"terrain_world_checked": true, "patch": {"x": [5375, 5875], "z": [4750, 5625], "spacing": 5, "max_height_error": 0.027, "route_margin": 6, "node_limit": 27}, "interior_height_bound": 0.025009375, "seam_correction_bound": 0.0009765625, "roundoff_allowance": 0.0001}
{"ground_content": "0xa89260de", "canonical_sha256": "a89260de2597cbc3b3ac2a73ac2dccb2bdb95c20d6c9761f7a918f1813b70484", "checked": true}
{"terrain_roads": 19, "checked": true}
{"terrain_relief_fields": 1, "checked": true}
{"terrain_grade_facets": 9, "checked": true}
{"terrain_world_checked": true, "patch": {"x": [5375, 5875], "z": [4750, 5625], "spacing": 5, "max_height_error": 0.027, "route_margin": 6, "node_limit": 27}, "interior_height_bound": 0.025009375, "seam_correction_bound": 0.0009765625, "roundoff_allowance": 0.0001}
{"ground_content": "0xa89260de", "canonical_sha256": "a89260de2597cbc3b3ac2a73ac2dccb2bdb95c20d6c9761f7a918f1813b70484", "checked": true}
{"terrain_roads": 19, "checked": true}
{"terrain_relief_fields": 1, "checked": true}
{"terrain_grade_facets": 9, "checked": true}
{"terrain_world_checked": true, "patch": {"x": [5375, 5875], "z": [4750, 5625], "spacing": 5, "max_height_error": 0.027, "route_margin": 6, "node_limit": 27}, "interior_height_bound": 0.025009375, "seam_correction_bound": 0.0009765625, "roundoff_allowance": 0.0001}
{"ground_content": "0xa89260de", "canonical_sha256": "a89260de2597cbc3b3ac2a73ac2dccb2bdb95c20d6c9761f7a918f1813b70484", "checked": true}
{"suite": "company-exclusive-control", "passed": true, "physical": {"assignment_keys": [0, 256, 512, 1], "physical_displacements_m": [0.0, 24.0234375], "disconnected_cohort_autonomous_travel_m": 14.406944936677146, "hash_samples": ["6b4fe60f4c995a0d", "66fb9f8693852e24", "c440fa48fd7e4f91", "2e1d12d152e28c0f", "930022594ad011d9", "d294ecfb5b870697", "57fca1b56c3ac89a", "ac4d7c4027873779", "36efec1ee13de55b", "5e45ab61cf2b46ae"]}, "public_movement_ticks": 640, "all_four_players_assigned": true, "same_front_cohorts_exclusive": true, "invalid_commands_state_preserved": 10, "atomic_cost": 5, "stale_generation_rejected": true, "disconnect_returns_autonomy": true, "genuine_redeploy_preserves_company_and_intent": true, "goal_ABI_and_hash_preserved": true, "library_sha256": "7c2ca8b880939df1e40e0f902c4b3f40d53def7045b1d0594adc3bf2d1d19ae1", "limits": ["Controlled initial cohorts/API commands; actual UDP/client UI, transfer/assistance, full army scale and full checkpoint remain separate."]}
{"suite": "prepared-world-los-contract", "passed": true, "cases": 64, "negative_controls": ["ground_fault_clear", "source_alias"], "readonly_ABI": true, "source_sha256": "49f0df73fdf2444f2c50f26b5deb8deae06676d523d4b3aa112009aa01f0b520", "scope": "Assembled cover-contract stubs/source forwarding only, no real geometry/gameplay/remote prediction acceptance."}
{"suite": "wreck-explicit-query-context", "passed": true, "calls": 407, "512_slot_refresh_transforms": [512, 0, 1, 0, 0, 0], "assembled_negatives": ["source_key_omitted", "revision_key_omitted", "pose_memo_omitted"], "same_revision_source_switches": 128, "occlusion_stops_at_first_real_blocker": true, "nearest_query_preserved_after_occlusion": true, "all_source_records_validated_before_early_exit": true, "local_authority_unchanged": true, "actual_remote_receive_expire_retire_reset_revision": true, "identical_heartbeat_retains_geometry_revision": true, "independent_sources_unchanged_except_declared_lifecycle_fixture": true, "query_source_sha256": "1a39ca1b370b42c70fc68c806bbc3ab38fbfe36ad875ff2b828bd3fc38695174", "scope": "Prepared caller-owned stable records/count/revision API. Actual remote-cache lifecycle revision is verified; no connected-client prediction hooks, actor movement, cover or scale acceptance."}
{"suite": "fourth-player-company-adapter", "passed": true, "actual_player_id": 3, "own_order_ACK": 0, "foreign_front_rejected": true}
{"suite": "cooperative-world", "passed": true, "server": {"ticks": 180, "simulated": 8192, "bytes_in": 69284, "bytes_out": 1439032, "entity_records": 11520, "rejected": 13, "disconnects": 2, "distinct_client_entity_pairs": 10670, "nearby_interest": 5439, "unseen_interest": 0, "aircraft_records": 3240, "air_xz_refreshes_verified": 1197}}
{"suite": "actual-solo-company-command", "passed": true, "company": {"key": 285, "held_safe_infantry": 29, "held_travel_m": 0.0, "one_charge_per_key_press": true, "foreign_front_denied": true, "autonomous_front_waypoints_preserved": true, "physical_advance": true, "tactical_click_one_charge": true, "tactical_point": [4994.375, 3904.444091796875]}, "executable_sha256": "97ef6e082db50725b3cc106b8c8497fdc6f3b0fa8701e27cb57d680a740a6620", "limits": ["Real solo GLFW/software GL/private Xvfb; no desktop or hardware GPU performance claim.", "Read-only authority observer; actual keyboard commands drive production company movement."]}
{"target": "headless", "revision": "4e8fec843f3ed8e856a319f9853d331cd436478e-507ba71505a61d3a", "assembled": 2, "assembled_sources": ["src/nav/world_los.asm", "src/nav/wreck_query.asm"], "seconds": 0.4275567750009941, "executable": "/mnt/titan_nv3/projects/red-horizon/build/revisions/4e8fec843f3ed8e856a319f9853d331cd436478e-507ba71505a61d3a/red-horizon-server"}
{"target": "client", "revision": "4e8fec843f3ed8e856a319f9853d331cd436478e-507ba71505a61d3a", "assembled": 0, "assembled_sources": [], "seconds": 0.41040215799876023, "executable": "/mnt/titan_nv3/projects/red-horizon/build/revisions/4e8fec843f3ed8e856a319f9853d331cd436478e-507ba71505a61d3a/red-horizon"}
{"target": "coop", "revision": "4e8fec843f3ed8e856a319f9853d331cd436478e-507ba71505a61d3a", "assembled": 0, "assembled_sources": [], "seconds": 0.36158146199886687, "executable": "/mnt/titan_nv3/projects/red-horizon/build/revisions/4e8fec843f3ed8e856a319f9853d331cd436478e-507ba71505a61d3a/red-horizon-coop-server"}
