{"terrain_roads": 19, "checked": true}
{"terrain_relief_fields": 1, "checked": true}
{"terrain_grade_facets": 9, "checked": true}
{"terrain_world_checked": true, "patch": {"x": [5375, 5875], "z": [4750, 5625], "spacing": 5, "max_height_error": 0.027, "route_margin": 6, "node_limit": 27}, "interior_height_bound": 0.025009375, "seam_correction_bound": 0.0009765625, "roundoff_allowance": 0.0001}
{"ground_content": "0xb2e14d6f", "canonical_sha256": "b2e14d6fe6133220e88f3a90d8bd1eb0bbb472aae0a2a0faaea8a329038d9ff3", "checked": true}
{"terrain_roads": 19, "checked": true}
{"terrain_relief_fields": 1, "checked": true}
{"terrain_grade_facets": 9, "checked": true}
{"terrain_world_checked": true, "patch": {"x": [5375, 5875], "z": [4750, 5625], "spacing": 5, "max_height_error": 0.027, "route_margin": 6, "node_limit": 27}, "interior_height_bound": 0.025009375, "seam_correction_bound": 0.0009765625, "roundoff_allowance": 0.0001}
{"ground_content": "0xb2e14d6f", "canonical_sha256": "b2e14d6fe6133220e88f3a90d8bd1eb0bbb472aae0a2a0faaea8a329038d9ff3", "checked": true}
{"target": "client", "revision": "a67efeb4a04b6658bcc3161e8ab34133319a0a9a-159bd5100e16e52d", "assembled": 0, "assembled_sources": [], "seconds": 0.378301819000626, "executable": "/mnt/titan_nv3/projects/red-horizon-workers/squad-deployment/build/revisions/a67efeb4a04b6658bcc3161e8ab34133319a0a9a-159bd5100e16e52d/red-horizon"}
{"target": "coop", "revision": "a67efeb4a04b6658bcc3161e8ab34133319a0a9a-159bd5100e16e52d", "assembled": 0, "assembled_sources": [], "seconds": 0.35995005202130415, "executable": "/mnt/titan_nv3/projects/red-horizon-workers/squad-deployment/build/revisions/a67efeb4a04b6658bcc3161e8ab34133319a0a9a-159bd5100e16e52d/red-horizon-coop-server"}
binding forward=W
binding back=S
binding left=A
binding right=D
binding sprint=LSHIFT
binding crouch=LCTRL
binding jump=SPACE
binding reload=R
binding enter_vehicle=E
binding exit_vehicle=Q
binding fire=LMB
binding tactical_map=TAB
binding command_wheel=MMB
binding command_cancel=RMB
binding quit=ESC
binding advance=1
binding hold=2
binding retreat=3
binding follow=4
binding front_1=F1
binding front_2=F2
binding front_3=F3
binding weather=F4
binding exchange_0=F5
binding exchange_1=F6
binding exchange_2=F7
binding exchange_3=F8
binding exchange_accept=F9
binding exchange_decline=F10
binding exchange_cancel=F11
binding defend=5
{"listen_ready":true,"port":32780,"child_pid":1926819,"units":8192,"scenario":3}
4.6 (Core Profile) Mesa 26.2.3
{"client_presentation":true,"hidden":1,"swap_interval_requested":0,"viewport_width":1920,"viewport_height":1080,"framebuffer_width":1920,"framebuffer_height":1080}
client_render_device=Mesa Intel(R) Arc(tm) A770 Graphics (DG2)
{"client_metrics":true,"cpu_samples":600,"gpu_samples":592,"cpu_frame_mean_ms":1.158604,"cpu_frame_p95_ms":1.423918,"cpu_frame_p99_ms":1.625349,"gpu_draw_mean_ms":1.193379,"gpu_draw_p95_ms":1.600312,"gpu_draw_p99_ms":1.841666}
{"client_phase_metrics":true,"phase":"simulation","samples":600,"mean_ms":0.011492,"p95_ms":0.032662,"p99_ms":0.044871,"clock_errors":0}
{"client_phase_metrics":true,"phase":"render_routes","samples":600,"mean_ms":0.703998,"p95_ms":0.926912,"p99_ms":1.040228,"clock_errors":0}
{"client_phase_metrics":true,"phase":"audio_pump","samples":600,"mean_ms":0.204120,"p95_ms":0.221692,"p99_ms":0.233171,"clock_errors":0}
{"client_pacing":true,"frame_cap_requested":60,"waits":599,"late_rebases":0,"clock_errors":0,"work_metrics_exclude_cap_wait":true}
{"visibility_census":true,"visible_actors":603,"visible_high":66,"visible_low":536,"visible_markers":1,"individually_detailed_actors":602,"width":1920,"height":1080,"source_tick":303,"invalid_codes":0,"readback_reduce_ms":7.236895,"scope":"opaque world depth before translucent cosmetics and HUD; opaque weapon occlusion included","authority_readonly":true,"authority_before":"435459de8be6ec59","authority_after":"435459de8be6ec59"}
{"battle_metrics":true,"samples":600,"simultaneous_projectiles_effects_audio_frames":0,"peak_living":8192,"peak_engaged":0,"peak_projectiles":0,"peak_submitted_high":88,"peak_submitted_low":3573,"peak_submitted_markers":39,"peak_effect_records":64,"peak_trail_records":0,"peak_audio_voices":128,"initial_living":8192,"visible_individual_count":"unmeasured","scope":"frame samples; independent peaks need not coincide; submitted models are not pixel visibility"}
meshes loaded=18 high=73 low=3049 markers=39 source_triangles=722763 animation_frame=1
client frames=600 submitted_entities=8192 screenshot=(none)
camera_x=3452.00 camera_z=2300.00 shots=0 hits=0 last_order=0
weapon ammo=30 reloads=0 front=0
operation state=0 req=490 supply=600 waypoint_orders=0
selected_goal_x=-20000.000 selected_goal_z=-20000.000
player id=0 hp=100 suppression=0 respawn=0 generation=1
start_player_x=3452.000 start_player_z=2300.000
network connected=1 player=0 front=0 server_tick=303 known_living=3161 local_sim_ticks=0
{"listen_host":true,"port":32780,"child_pid":1926819,"child_exited":1,"startup_failed":0}
